// Jest Snapshot v1, https://goo.gl/fbAQLP

exports[`Test if Nav render correctly 1`] = `
<header>
  <div
    className="logo"
  >
    <img
      alt="crypto market"
      src="logo.png"
    />
    <span>
      Crypto
    </span>
  </div>
  <div
    className="feature"
  >
    <svg
      baseProfile="tiny"
      color="white"
      fill="currentColor"
      height="1em"
      stroke="currentColor"
      strokeWidth="0"
      style={
        Object {
          "color": "white",
        }
      }
      version="1.2"
      viewBox="0 0 24 24"
      width="1em"
      xmlns="http://www.w3.org/2000/svg"
    >
      <path
        d="M12 16c2.206 0 4-1.795 4-4v-6c0-2.206-1.794-4-4-4s-4 1.794-4 4v6c0 2.205 1.794 4 4 4zM19 12v-2c0-.552-.447-1-1-1s-1 .448-1 1v2c0 2.757-2.243 5-5 5s-5-2.243-5-5v-2c0-.552-.447-1-1-1s-1 .448-1 1v2c0 3.52 2.613 6.432 6 6.92v1.08h-3c-.553 0-1 .447-1 1s.447 1 1 1h8c.553 0 1-.447 1-1s-.447-1-1-1h-3v-1.08c3.387-.488 6-3.4 6-6.92z"
      />
    </svg>
    <svg
      color="white"
      fill="currentColor"
      height="1em"
      stroke="currentColor"
      strokeWidth="0"
      style={
        Object {
          "color": "white",
        }
      }
      viewBox="0 0 24 24"
      width="1em"
      xmlns="http://www.w3.org/2000/svg"
    >
      <path
        d="M0 0h24v24H0V0z"
        fill="none"
      />
      <path
        d="M19.14 12.94c.04-.3.06-.61.06-.94 0-.32-.02-.64-.07-.94l2.03-1.58a.49.49 0 00.12-.61l-1.92-3.32a.488.488 0 00-.59-.22l-2.39.96c-.5-.38-1.03-.7-1.62-.94l-.36-2.54a.484.484 0 00-.48-.41h-3.84c-.24 0-.43.17-.47.41l-.36 2.54c-.59.24-1.13.57-1.62.94l-2.39-.96c-.22-.08-.47 0-.59.22L2.74 8.87c-.12.21-.08.47.12.61l2.03 1.58c-.05.3-.09.63-.09.94s.02.64.07.94l-2.03 1.58a.49.49 0 00-.12.61l1.92 3.32c.12.22.37.29.59.22l2.39-.96c.5.38 1.03.7 1.62.94l.36 2.54c.05.24.24.41.48.41h3.84c.24 0 .44-.17.47-.41l.36-2.54c.59-.24 1.13-.56 1.62-.94l2.39.96c.22.08.47 0 .59-.22l1.92-3.32c.12-.22.07-.47-.12-.61l-2.01-1.58zM12 15.6c-1.98 0-3.6-1.62-3.6-3.6s1.62-3.6 3.6-3.6 3.6 1.62 3.6 3.6-1.62 3.6-3.6 3.6z"
      />
    </svg>
  </div>
</header>
`;
